Archive member included to satisfy reference by file (symbol)

c:/software_tecnico/eclipse/plugins/fr.ac6.mcu.externaltools.arm-none.win32_1.16.0.201807130628/tools/compiler/bin/../lib/gcc/arm-none-eabi/7.2.1/../../../../arm-none-eabi/lib/thumb/v7e-m/fpv4-sp/hard\libc.a(lib_a-errno.o)
                              src/syscalls.o (__errno)
c:/software_tecnico/eclipse/plugins/fr.ac6.mcu.externaltools.arm-none.win32_1.16.0.201807130628/tools/compiler/bin/../lib/gcc/arm-none-eabi/7.2.1/../../../../arm-none-eabi/lib/thumb/v7e-m/fpv4-sp/hard\libc.a(lib_a-exit.o)
                              c:/software_tecnico/eclipse/plugins/fr.ac6.mcu.externaltools.arm-none.win32_1.16.0.201807130628/tools/compiler/bin/../lib/gcc/arm-none-eabi/7.2.1/../../../../arm-none-eabi/lib/thumb/v7e-m/fpv4-sp/hard/crt0.o (exit)
c:/software_tecnico/eclipse/plugins/fr.ac6.mcu.externaltools.arm-none.win32_1.16.0.201807130628/tools/compiler/bin/../lib/gcc/arm-none-eabi/7.2.1/../../../../arm-none-eabi/lib/thumb/v7e-m/fpv4-sp/hard\libc.a(lib_a-impure.o)
                              c:/software_tecnico/eclipse/plugins/fr.ac6.mcu.externaltools.arm-none.win32_1.16.0.201807130628/tools/compiler/bin/../lib/gcc/arm-none-eabi/7.2.1/../../../../arm-none-eabi/lib/thumb/v7e-m/fpv4-sp/hard\libc.a(lib_a-exit.o) (_global_impure_ptr)
c:/software_tecnico/eclipse/plugins/fr.ac6.mcu.externaltools.arm-none.win32_1.16.0.201807130628/tools/compiler/bin/../lib/gcc/arm-none-eabi/7.2.1/../../../../arm-none-eabi/lib/thumb/v7e-m/fpv4-sp/hard\libc.a(lib_a-init.o)
                              c:/software_tecnico/eclipse/plugins/fr.ac6.mcu.externaltools.arm-none.win32_1.16.0.201807130628/tools/compiler/bin/../lib/gcc/arm-none-eabi/7.2.1/../../../../arm-none-eabi/lib/thumb/v7e-m/fpv4-sp/hard/crt0.o (__libc_init_array)
c:/software_tecnico/eclipse/plugins/fr.ac6.mcu.externaltools.arm-none.win32_1.16.0.201807130628/tools/compiler/bin/../lib/gcc/arm-none-eabi/7.2.1/../../../../arm-none-eabi/lib/thumb/v7e-m/fpv4-sp/hard\libc.a(lib_a-memset.o)
                              c:/software_tecnico/eclipse/plugins/fr.ac6.mcu.externaltools.arm-none.win32_1.16.0.201807130628/tools/compiler/bin/../lib/gcc/arm-none-eabi/7.2.1/../../../../arm-none-eabi/lib/thumb/v7e-m/fpv4-sp/hard/crt0.o (memset)
c:/software_tecnico/eclipse/plugins/fr.ac6.mcu.externaltools.arm-none.win32_1.16.0.201807130628/tools/compiler/bin/../lib/gcc/arm-none-eabi/7.2.1/../../../../arm-none-eabi/lib/thumb/v7e-m/fpv4-sp/hard\libc.a(lib_a-strlen.o)
                              src/main.o (strlen)
c:/software_tecnico/eclipse/plugins/fr.ac6.mcu.externaltools.arm-none.win32_1.16.0.201807130628/tools/compiler/bin/../lib/gcc/arm-none-eabi/7.2.1/../../../../arm-none-eabi/lib/thumb/v7e-m/fpv4-sp/hard\libc.a(lib_a-__call_atexit.o)
                              c:/software_tecnico/eclipse/plugins/fr.ac6.mcu.externaltools.arm-none.win32_1.16.0.201807130628/tools/compiler/bin/../lib/gcc/arm-none-eabi/7.2.1/../../../../arm-none-eabi/lib/thumb/v7e-m/fpv4-sp/hard\libc.a(lib_a-exit.o) (__call_exitprocs)
c:/software_tecnico/eclipse/plugins/fr.ac6.mcu.externaltools.arm-none.win32_1.16.0.201807130628/tools/compiler/bin/../lib/gcc/arm-none-eabi/7.2.1/../../../../arm-none-eabi/lib/thumb/v7e-m/fpv4-sp/hard\libc.a(lib_a-atexit.o)
                              c:/software_tecnico/eclipse/plugins/fr.ac6.mcu.externaltools.arm-none.win32_1.16.0.201807130628/tools/compiler/bin/../lib/gcc/arm-none-eabi/7.2.1/../../../../arm-none-eabi/lib/thumb/v7e-m/fpv4-sp/hard\libc.a(lib_a-__call_atexit.o) (atexit)
c:/software_tecnico/eclipse/plugins/fr.ac6.mcu.externaltools.arm-none.win32_1.16.0.201807130628/tools/compiler/bin/../lib/gcc/arm-none-eabi/7.2.1/../../../../arm-none-eabi/lib/thumb/v7e-m/fpv4-sp/hard\libc.a(lib_a-fini.o)
                              c:/software_tecnico/eclipse/plugins/fr.ac6.mcu.externaltools.arm-none.win32_1.16.0.201807130628/tools/compiler/bin/../lib/gcc/arm-none-eabi/7.2.1/../../../../arm-none-eabi/lib/thumb/v7e-m/fpv4-sp/hard\libc.a(lib_a-__call_atexit.o) (__libc_fini_array)
c:/software_tecnico/eclipse/plugins/fr.ac6.mcu.externaltools.arm-none.win32_1.16.0.201807130628/tools/compiler/bin/../lib/gcc/arm-none-eabi/7.2.1/../../../../arm-none-eabi/lib/thumb/v7e-m/fpv4-sp/hard\libc.a(lib_a-lock.o)
                              c:/software_tecnico/eclipse/plugins/fr.ac6.mcu.externaltools.arm-none.win32_1.16.0.201807130628/tools/compiler/bin/../lib/gcc/arm-none-eabi/7.2.1/../../../../arm-none-eabi/lib/thumb/v7e-m/fpv4-sp/hard\libc.a(lib_a-__call_atexit.o) (__retarget_lock_acquire_recursive)
c:/software_tecnico/eclipse/plugins/fr.ac6.mcu.externaltools.arm-none.win32_1.16.0.201807130628/tools/compiler/bin/../lib/gcc/arm-none-eabi/7.2.1/../../../../arm-none-eabi/lib/thumb/v7e-m/fpv4-sp/hard\libc.a(lib_a-__atexit.o)
[...]
Memory Configuration

Name             Origin             Length             Attributes
FLASH            0x08000000         0x00010000         xr
RAM              0x20000000         0x00003000         xrw
CCMRAM           0x10000000         0x00001000         rw
*default*        0x00000000         0xffffffff

Linker script and memory map

LOAD c:/software_tecnico/eclipse/plugins/fr.ac6.mcu.externaltools.arm-none.win32_1.16.0.201807130628/tools/compiler/bin/../lib/gcc/arm-none-eabi/7.2.1/thumb/v7e-m/fpv4-sp/hard/crti.o
LOAD c:/software_tecnico/eclipse/plugins/fr.ac6.mcu.externaltools.arm-none.win32_1.16.0.201807130628/tools/compiler/bin/../lib/gcc/arm-none-eabi/7.2.1/thumb/v7e-m/fpv4-sp/hard/crtbegin.o
LOAD c:/software_tecnico/eclipse/plugins/fr.ac6.mcu.externaltools.arm-none.win32_1.16.0.201807130628/tools/compiler/bin/../lib/gcc/arm-none-eabi/7.2.1/../../../../arm-none-eabi/lib/thumb/v7e-m/fpv4-sp/hard/crt0.o
LOAD HAL_Driver/Src/stm32f3xx_hal.o
LOAD HAL_Driver/Src/stm32f3xx_hal_adc.o
LOAD HAL_Driver/Src/stm32f3xx_hal_adc_ex.o
LOAD HAL_Driver/Src/stm32f3xx_hal_cec.o
LOAD HAL_Driver/Src/stm32f3xx_hal_comp.o
LOAD HAL_Driver/Src/stm32f3xx_hal_cortex.o
LOAD HAL_Driver/Src/stm32f3xx_hal_crc.o
LOAD HAL_Driver/Src/stm32f3xx_hal_crc_ex.o
LOAD HAL_Driver/Src/stm32f3xx_hal_dac.o
LOAD HAL_Driver/Src/stm32f3xx_hal_dac_ex.o
LOAD HAL_Driver/Src/stm32f3xx_hal_dma.o
LOAD HAL_Driver/Src/stm32f3xx_hal_flash.o
LOAD HAL_Driver/Src/stm32f3xx_hal_flash_ex.o
LOAD HAL_Driver/Src/stm32f3xx_hal_gpio.o
LOAD HAL_Driver/Src/stm32f3xx_hal_hrtim.o
LOAD HAL_Driver/Src/stm32f3xx_hal_i2c.o
LOAD HAL_Driver/Src/stm32f3xx_hal_i2c_ex.o
LOAD HAL_Driver/Src/stm32f3xx_hal_i2s.o
LOAD HAL_Driver/Src/stm32f3xx_hal_i2s_ex.o
LOAD HAL_Driver/Src/stm32f3xx_hal_irda.o
LOAD HAL_Driver/Src/stm32f3xx_hal_iwdg.o
LOAD HAL_Driver/Src/stm32f3xx_hal_msp_template.o
LOAD HAL_Driver/Src/stm32f3xx_hal_nand.o
LOAD HAL_Driver/Src/stm32f3xx_hal_nor.o
LOAD HAL_Driver/Src/stm32f3xx_hal_opamp.o
LOAD HAL_Driver/Src/stm32f3xx_hal_opamp_ex.o
LOAD HAL_Driver/Src/stm32f3xx_hal_pccard.o
LOAD HAL_Driver/Src/stm32f3xx_hal_pcd.o
LOAD HAL_Driver/Src/stm32f3xx_hal_pcd_ex.o
LOAD HAL_Driver/Src/stm32f3xx_hal_pwr.o
LOAD HAL_Driver/Src/stm32f3xx_hal_pwr_ex.o
LOAD HAL_Driver/Src/stm32f3xx_hal_rcc.o
LOAD HAL_Driver/Src/stm32f3xx_hal_rcc_ex.o
LOAD HAL_Driver/Src/stm32f3xx_hal_rtc.o
LOAD HAL_Driver/Src/stm32f3xx_hal_rtc_ex.o
LOAD HAL_Driver/Src/stm32f3xx_hal_sdadc.o
LOAD HAL_Driver/Src/stm32f3xx_hal_smartcard.o
LOAD HAL_Driver/Src/stm32f3xx_hal_smartcard_ex.o
LOAD HAL_Driver/Src/stm32f3xx_hal_smbus.o
LOAD HAL_Driver/Src/stm32f3xx_hal_spi.o
LOAD HAL_Driver/Src/stm32f3xx_hal_spi_ex.o
LOAD HAL_Driver/Src/stm32f3xx_hal_sram.o
LOAD HAL_Driver/Src/stm32f3xx_hal_tim.o
LOAD HAL_Driver/Src/stm32f3xx_hal_tim_ex.o
LOAD HAL_Driver/Src/stm32f3xx_hal_tsc.o
LOAD HAL_Driver/Src/stm32f3xx_hal_uart.o
LOAD HAL_Driver/Src/stm32f3xx_hal_uart_ex.o
LOAD HAL_Driver/Src/stm32f3xx_hal_usart.o
LOAD HAL_Driver/Src/stm32f3xx_hal_wwdg.o
LOAD HAL_Driver/Src/stm32f3xx_ll_adc.o
LOAD HAL_Driver/Src/stm32f3xx_ll_comp.o
LOAD HAL_Driver/Src/stm32f3xx_ll_crc.o
LOAD HAL_Driver/Src/stm32f3xx_ll_dac.o
LOAD HAL_Driver/Src/stm32f3xx_ll_dma.o
LOAD HAL_Driver/Src/stm32f3xx_ll_exti.o
LOAD HAL_Driver/Src/stm32f3xx_ll_fmc.o
LOAD HAL_Driver/Src/stm32f3xx_ll_gpio.o
LOAD HAL_Driver/Src/stm32f3xx_ll_hrtim.o
LOAD HAL_Driver/Src/stm32f3xx_ll_i2c.o
LOAD HAL_Driver/Src/stm32f3xx_ll_opamp.o
LOAD HAL_Driver/Src/stm32f3xx_ll_pwr.o
LOAD HAL_Driver/Src/stm32f3xx_ll_rcc.o
LOAD HAL_Driver/Src/stm32f3xx_ll_rtc.o
LOAD HAL_Driver/Src/stm32f3xx_ll_spi.o
LOAD HAL_Driver/Src/stm32f3xx_ll_tim.o
LOAD HAL_Driver/Src/stm32f3xx_ll_usart.o
LOAD HAL_Driver/Src/stm32f3xx_ll_utils.o
LOAD Utilities/STM32F3xx-Nucleo/stm32f3xx_nucleo.o
LOAD src/main.o
LOAD src/stm32f3xx_it.o
LOAD src/syscalls.o
LOAD src/system_initialization.o
LOAD src/system_stm32f3xx.o
LOAD startup/startup_stm32f334x8.o
LOAD c:/software_tecnico/eclipse/plugins/fr.ac6.mcu.externaltools.arm-none.win32_1.16.0.201807130628/tools/compiler/bin/../lib/gcc/arm-none-eabi/7.2.1/../../../../arm-none-eabi/lib/thumb/v7e-m/fpv4-sp/hard\libm.a
START GROUP
LOAD c:/software_tecnico/eclipse/plugins/fr.ac6.mcu.externaltools.arm-none.win32_1.16.0.201807130628/tools/compiler/bin/../lib/gcc/arm-none-eabi/7.2.1/thumb/v7e-m/fpv4-sp/hard\libgcc.a
LOAD c:/software_tecnico/eclipse/plugins/fr.ac6.mcu.externaltools.arm-none.win32_1.16.0.201807130628/tools/compiler/bin/../lib/gcc/arm-none-eabi/7.2.1/../../../../arm-none-eabi/lib/thumb/v7e-m/fpv4-sp/hard\libc.a
END GROUP
LOAD c:/software_tecnico/eclipse/plugins/fr.ac6.mcu.externaltools.arm-none.win32_1.16.0.201807130628/tools/compiler/bin/../lib/gcc/arm-none-eabi/7.2.1/thumb/v7e-m/fpv4-sp/hard/crtend.o
LOAD c:/software_tecnico/eclipse/plugins/fr.ac6.mcu.externaltools.arm-none.win32_1.16.0.201807130628/tools/compiler/bin/../lib/gcc/arm-none-eabi/7.2.1/thumb/v7e-m/fpv4-sp/hard/crtn.o
                0x20003000                _estack = 0x20003000
                0x00000200                _Min_Heap_Size = 0x200
                0x00000400                _Min_Stack_Size = 0x400

.isr_vector     0x08000000      0x188
                0x08000000                . = ALIGN (0x4)
 *(.isr_vector)
 .isr_vector    0x08000000      0x188 startup/startup_stm32f334x8.o
                0x08000000                g_pfnVectors
                0x08000188                . = ALIGN (0x4)

.text           0x080001c0     0x14a4
                0x080001c0                . = ALIGN (0x4)
 *(.text)
 .text          0x080001c0       0x40 c:/software_tecnico/eclipse/plugins/fr.ac6.mcu.externaltools.arm-none.win32_1.16.0.201807130628/tools/compiler/bin/../lib/gcc/arm-none-eabi/7.2.1/thumb/v7e-m/fpv4-sp/hard/crtbegin.o
 .text          0x08000200       0xdc c:/software_tecnico/eclipse/plugins/fr.ac6.mcu.externaltools.arm-none.win32_1.16.0.201807130628/tools/compiler/bin/../lib/gcc/arm-none-eabi/7.2.1/../../../../arm-none-eabi/lib/thumb/v7e-m/fpv4-sp/hard\libc.a(lib_a-strlen.o)
                0x08000200                strlen
 *(.text*)
 .text.HAL_Init
                0x080002dc       0x2c HAL_Driver/Src/stm32f3xx_hal.o
                0x080002dc                HAL_Init
 .text.HAL_InitTick
                0x08000308       0x60 HAL_Driver/Src/stm32f3xx_hal.o
                0x08000308                HAL_InitTick
 .text.HAL_IncTick
                0x08000368       0x28 HAL_Driver/Src/stm32f3xx_hal.o
                0x08000368                HAL_IncTick
 .text.HAL_GetTick
                0x08000390       0x18 HAL_Driver/Src/stm32f3xx_hal.o
                0x08000390                HAL_GetTick
 .text.HAL_Delay
                0x080003a8       0x44 HAL_Driver/Src/stm32f3xx_hal.o
                0x080003a8                HAL_Delay
 .text.NVIC_SetPriorityGrouping
                0x080003ec       0x48 HAL_Driver/Src/stm32f3xx_hal_cortex.o
 .text.NVIC_GetPriorityGrouping
                0x08000434       0x1c HAL_Driver/Src/stm32f3xx_hal_cortex.o
 .text.NVIC_SetPriority
                0x08000450       0x54 HAL_Driver/Src/stm32f3xx_hal_cortex.o
 .text.NVIC_EncodePriority
                0x080004a4       0x66 HAL_Driver/Src/stm32f3xx_hal_cortex.o
 *fill*         0x0800050a        0x2 
 .text.SysTick_Config
                0x0800050c       0x44 HAL_Driver/Src/stm32f3xx_hal_cortex.o
 .text.HAL_NVIC_SetPriorityGrouping
                0x08000550       0x16 HAL_Driver/Src/stm32f3xx_hal_cortex.o
                0x08000550                HAL_NVIC_SetPriorityGrouping
 .text.HAL_NVIC_SetPriority
                0x08000566       0x38 HAL_Driver/Src/stm32f3xx_hal_cortex.o
                0x08000566                HAL_NVIC_SetPriority
 .text.HAL_SYSTICK_Config
                0x0800059e       0x18 HAL_Driver/Src/stm32f3xx_hal_cortex.o
                0x0800059e                HAL_SYSTICK_Config
 *fill*         0x080005b6        0x2 
 .text.HAL_SYSTICK_CLKSourceConfig
                0x080005b8       0x38 HAL_Driver/Src/stm32f3xx_hal_cortex.o
                0x080005b8                HAL_SYSTICK_CLKSourceConfig
 .text.HAL_SYSTICK_IRQHandler
                0x080005f0        0xc HAL_Driver/Src/stm32f3xx_hal_cortex.o
                0x080005f0                HAL_SYSTICK_IRQHandler
 .text.HAL_SYSTICK_Callback
                0x080005fc        0xe HAL_Driver/Src/stm32f3xx_hal_cortex.o
                0x080005fc                HAL_SYSTICK_Callback
 *fill*         0x0800060a        0x2 
 .text.HAL_GPIO_Init
                0x0800060c      0x2ec HAL_Driver/Src/stm32f3xx_hal_gpio.o
                0x0800060c                HAL_GPIO_Init
 .text.HAL_GPIO_WritePin
                0x080008f8       0x30 HAL_Driver/Src/stm32f3xx_hal_gpio.o
                0x080008f8                HAL_GPIO_WritePin
 .text.HAL_GPIO_TogglePin
                0x08000928       0x24 HAL_Driver/Src/stm32f3xx_hal_gpio.o
                0x08000928                HAL_GPIO_TogglePin
 .text.HAL_MspInit
                0x0800094c        0xe HAL_Driver/Src/stm32f3xx_hal_msp_template.o
                0x0800094c                HAL_MspInit
 *fill*         0x0800095a        0x2 
 .text.HAL_RCC_GetSysClockFreq
                0x0800095c       0xd4 HAL_Driver/Src/stm32f3xx_hal_rcc.o
                0x0800095c                HAL_RCC_GetSysClockFreq
 .text.HAL_RCC_GetHCLKFreq
                0x08000a30       0x18 HAL_Driver/Src/stm32f3xx_hal_rcc.o
                0x08000a30                HAL_RCC_GetHCLKFreq
 .text.HAL_RCC_GetPCLK1Freq
                0x08000a48       0x44 HAL_Driver/Src/stm32f3xx_hal_rcc.o
                0x08000a48                HAL_RCC_GetPCLK1Freq
 .text.HAL_RCC_GetPCLK2Freq
                0x08000a8c       0x44 HAL_Driver/Src/stm32f3xx_hal_rcc.o
                0x08000a8c                HAL_RCC_GetPCLK2Freq
 .text.HAL_UART_Init
                0x08000ad0       0xa2 HAL_Driver/Src/stm32f3xx_hal_uart.o
                0x08000ad0                HAL_UART_Init
 .text.HAL_UART_Transmit
                0x08000b72      0x11a HAL_Driver/Src/stm32f3xx_hal_uart.o
                0x08000b72                HAL_UART_Transmit
 .text.UART_SetConfig
                0x08000c8c      0x2cc HAL_Driver/Src/stm32f3xx_hal_uart.o
                0x08000c8c                UART_SetConfig
 .text.UART_AdvFeatureConfig
                0x08000f58      0x144 HAL_Driver/Src/stm32f3xx_hal_uart.o
                0x08000f58                UART_AdvFeatureConfig
 .text.UART_CheckIdleState
                0x0800109c       0x92 HAL_Driver/Src/stm32f3xx_hal_uart.o
                0x0800109c                UART_CheckIdleState
 .text.UART_WaitOnFlagUntilTimeout
                0x0800112e       0x94 HAL_Driver/Src/stm32f3xx_hal_uart.o
                0x0800112e                UART_WaitOnFlagUntilTimeout
 *fill*         0x080011c2        0x2 
 .text.main     0x080011c4       0x40 src/main.o
                0x080011c4                main
 .text.SysTick_Handler
                0x08001204       0x10 src/stm32f3xx_it.o
                0x08001204                SysTick_Handler
 .text.SystemClock_Config
                0x08001214       0x70 src/system_initialization.o
                0x08001214                SystemClock_Config
 .text.MX_GPIO_Init
                0x08001284       0x9c src/system_initialization.o
 .text.MX_USART2_UART_Init
                0x08001320       0x54 src/system_initialization.o
 .text.HAL_UART_MspInit
                0x08001374       0x74 src/system_initialization.o
                0x08001374                HAL_UART_MspInit
 .text.Inits_Calls
                0x080013e8       0x18 src/system_initialization.o
                0x080013e8                Inits_Calls
 .text.SystemInit
                0x08001400       0x94 src/system_stm32f3xx.o
                0x08001400                SystemInit
 .text.Reset_Handler
                0x08001494       0x50 startup/startup_stm32f334x8.o
                0x08001494                Reset_Handler
 .text.Default_Handler
                0x080014e4        0x2 startup/startup_stm32f334x8.o
                0x080014e4                RTC_Alarm_IRQHandler
                0x080014e4                HRTIM1_Master_IRQHandler
                0x080014e4                DebugMon_Handler
                0x080014e4                TIM1_CC_IRQHandler
                0x080014e4                HardFault_Handler
                0x080014e4                HRTIM1_FLT_IRQHandler
                0x080014e4                PVD_IRQHandler
                0x080014e4                HRTIM1_TIMD_IRQHandler
                0x080014e4                TAMP_STAMP_IRQHandler
                0x080014e4                PendSV_Handler
                0x080014e4                NMI_Handler
                0x080014e4                EXTI3_IRQHandler
                0x080014e4                EXTI0_IRQHandler
                0x080014e4                FPU_IRQHandler
                0x080014e4                CAN_TX_IRQHandler
                0x080014e4                TIM1_UP_TIM16_IRQHandler
                0x080014e4                UsageFault_Handler
                0x080014e4                ADC1_2_IRQHandler
                0x080014e4                HRTIM1_TIME_IRQHandler
                0x080014e4                SPI1_IRQHandler
                0x080014e4                CAN_SCE_IRQHandler
                0x080014e4                HRTIM1_TIMC_IRQHandler
                0x080014e4                DMA1_Channel4_IRQHandler
                0x080014e4                USART3_IRQHandler
                0x080014e4                DMA1_Channel7_IRQHandler
                0x080014e4                TIM7_DAC2_IRQHandler
                0x080014e4                CAN_RX1_IRQHandler
                0x080014e4                I2C1_EV_IRQHandler
                0x080014e4                DMA1_Channel6_IRQHandler
                0x080014e4                TIM3_IRQHandler
                0x080014e4                RCC_IRQHandler
                0x080014e4                DMA1_Channel1_IRQHandler
                0x080014e4                Default_Handler
                0x080014e4                EXTI15_10_IRQHandler
                0x080014e4                COMP2_IRQHandler
                0x080014e4                HRTIM1_TIMA_IRQHandler
                0x080014e4                TIM6_DAC1_IRQHandler
                0x080014e4                EXTI9_5_IRQHandler
                0x080014e4                RTC_WKUP_IRQHandler
                0x080014e4                MemManage_Handler
                0x080014e4                SVC_Handler
                0x080014e4                DMA1_Channel5_IRQHandler
                0x080014e4                EXTI4_IRQHandler
                0x080014e4                HRTIM1_TIMB_IRQHandler
                0x080014e4                TIM1_TRG_COM_TIM17_IRQHandler
                0x080014e4                DMA1_Channel3_IRQHandler
                0x080014e4                WWDG_IRQHandler
                0x080014e4                TIM2_IRQHandler
                0x080014e4                EXTI1_IRQHandler
                0x080014e4                COMP4_6_IRQHandler
                0x080014e4                USART2_IRQHandler
                0x080014e4                DMA1_Channel2_IRQHandler
                0x080014e4                FLASH_IRQHandler
                0x080014e4                BusFault_Handler
                0x080014e4                USART1_IRQHandler
                0x080014e4                CAN_RX0_IRQHandler
                0x080014e4                I2C1_ER_IRQHandler
                0x080014e4                EXTI2_TSC_IRQHandler
                0x080014e4                TIM1_BRK_TIM15_IRQHandler
 *fill*         0x080014e6        0x2 
 .text.__libc_init_array
                0x080014e8       0x48 c:/software_tecnico/eclipse/plugins/fr.ac6.mcu.externaltools.arm-none.win32_1.16.0.201807130628/tools/compiler/bin/../lib/gcc/arm-none-eabi/7.2.1/../../../../arm-none-eabi/lib/thumb/v7e-m/fpv4-sp/hard\libc.a(lib_a-init.o)
                0x080014e8                __libc_init_array
 .text.startup.register_fini
                0x08001530       0x14 c:/software_tecnico/eclipse/plugins/fr.ac6.mcu.externaltools.arm-none.win32_1.16.0.201807130628/tools/compiler/bin/../lib/gcc/arm-none-eabi/7.2.1/../../../../arm-none-eabi/lib/thumb/v7e-m/fpv4-sp/hard\libc.a(lib_a-__call_atexit.o)
 .text.atexit   0x08001544        0xc c:/software_tecnico/eclipse/plugins/fr.ac6.mcu.externaltools.arm-none.win32_1.16.0.201807130628/tools/compiler/bin/../lib/gcc/arm-none-eabi/7.2.1/../../../../arm-none-eabi/lib/thumb/v7e-m/fpv4-sp/hard\libc.a(lib_a-atexit.o)
                0x08001544                atexit
 .text.__libc_fini_array
                0x08001550       0x34 c:/software_tecnico/eclipse/plugins/fr.ac6.mcu.externaltools.arm-none.win32_1.16.0.201807130628/tools/compiler/bin/../lib/gcc/arm-none-eabi/7.2.1/../../../../arm-none-eabi/lib/thumb/v7e-m/fpv4-sp/hard\libc.a(lib_a-fini.o)
                0x08001550                __libc_fini_array
 .text.__retarget_lock_acquire_recursive
                0x08001584        0x4 c:/software_tecnico/eclipse/plugins/fr.ac6.mcu.externaltools.arm-none.win32_1.16.0.201807130628/tools/compiler/bin/../lib/gcc/arm-none-eabi/7.2.1/../../../../arm-none-eabi/lib/thumb/v7e-m/fpv4-sp/hard\libc.a(lib_a-lock.o)
                0x08001584                __retarget_lock_acquire_recursive
 .text.__retarget_lock_release_recursive
                0x08001588        0x4 c:/software_tecnico/eclipse/plugins/fr.ac6.mcu.externaltools.arm-none.win32_1.16.0.201807130628/tools/compiler/bin/../lib/gcc/arm-none-eabi/7.2.1/../../../../arm-none-eabi/lib/thumb/v7e-m/fpv4-sp/hard\libc.a(lib_a-lock.o)
                0x08001588                __retarget_lock_release_recursive
 .text.__register_exitproc
                0x0800158c       0xc0 c:/software_tecnico/eclipse/plugins/fr.ac6.mcu.externaltools.arm-none.win32_1.16.0.201807130628/tools/compiler/bin/../lib/gcc/arm-none-eabi/7.2.1/../../../../arm-none-eabi/lib/thumb/v7e-m/fpv4-sp/hard\libc.a(lib_a-__atexit.o)
                0x0800158c                __register_exitproc
 *(.glue_7)
 .glue_7        0x0800164c        0x0 linker stubs
 *(.glue_7t)
 .glue_7t       0x0800164c        0x0 linker stubs
 *(.eh_frame)
 .eh_frame      0x0800164c        0x0 c:/software_tecnico/eclipse/plugins/fr.ac6.mcu.externaltools.arm-none.win32_1.16.0.201807130628/tools/compiler/bin/../lib/gcc/arm-none-eabi/7.2.1/thumb/v7e-m/fpv4-sp/hard/crtbegin.o
 *(.init)
 .init          0x0800164c        0x4 c:/software_tecnico/eclipse/plugins/fr.ac6.mcu.externaltools.arm-none.win32_1.16.0.201807130628/tools/compiler/bin/../lib/gcc/arm-none-eabi/7.2.1/thumb/v7e-m/fpv4-sp/hard/crti.o
                0x0800164c                _init
 .init          0x08001650        0x8 c:/software_tecnico/eclipse/plugins/fr.ac6.mcu.externaltools.arm-none.win32_1.16.0.201807130628/tools/compiler/bin/../lib/gcc/arm-none-eabi/7.2.1/thumb/v7e-m/fpv4-sp/hard/crtn.o
 *(.fini)
 .fini          0x08001658        0x4 c:/software_tecnico/eclipse/plugins/fr.ac6.mcu.externaltools.arm-none.win32_1.16.0.201807130628/tools/compiler/bin/../lib/gcc/arm-none-eabi/7.2.1/thumb/v7e-m/fpv4-sp/hard/crti.o
                0x08001658                _fini
 .fini          0x0800165c        0x8 c:/software_tecnico/eclipse/plugins/fr.ac6.mcu.externaltools.arm-none.win32_1.16.0.201807130628/tools/compiler/bin/../lib/gcc/arm-none-eabi/7.2.1/thumb/v7e-m/fpv4-sp/hard/crtn.o
                0x08001664                . = ALIGN (0x4)
                0x08001664                _etext = .

.vfp11_veneer   0x08001664        0x0
 .vfp11_veneer  0x08001664        0x0 linker stubs

.v4_bx          0x08001664        0x0
 .v4_bx         0x08001664        0x0 linker stubs

.iplt           0x08001664        0x0
 .iplt          0x08001664        0x0 c:/software_tecnico/eclipse/plugins/fr.ac6.mcu.externaltools.arm-none.win32_1.16.0.201807130628/tools/compiler/bin/../lib/gcc/arm-none-eabi/7.2.1/thumb/v7e-m/fpv4-sp/hard/crtbegin.o

.rodata         0x08001664       0x50
                0x08001664                . = ALIGN (0x4)
 *(.rodata)
 .rodata        0x08001664       0x20 HAL_Driver/Src/stm32f3xx_hal_rcc.o
                0x08001664                aPLLMULFactorTable
                0x08001674                aPredivFactorTable
 .rodata        0x08001684       0x14 src/main.o
 .rodata        0x08001698       0x18 src/system_stm32f3xx.o
                0x08001698                AHBPrescTable
                0x080016a8                APBPrescTable
 *(.rodata*)
 .rodata._global_impure_ptr
                0x080016b0        0x4 c:/software_tecnico/eclipse/plugins/fr.ac6.mcu.externaltools.arm-none.win32_1.16.0.201807130628/tools/compiler/bin/../lib/gcc/arm-none-eabi/7.2.1/../../../../arm-none-eabi/lib/thumb/v7e-m/fpv4-sp/hard\libc.a(lib_a-impure.o)
                0x080016b0                _global_impure_ptr
                0x080016b4                . = ALIGN (0x4)

.rel.dyn        0x080016b4        0x0
 .rel.iplt      0x080016b4        0x0 c:/software_tecnico/eclipse/plugins/fr.ac6.mcu.externaltools.arm-none.win32_1.16.0.201807130628/tools/compiler/bin/../lib/gcc/arm-none-eabi/7.2.1/thumb/v7e-m/fpv4-sp/hard/crtbegin.o

.ARM.extab
 *(.ARM.extab* .gnu.linkonce.armextab.*)

.ARM            0x080016b4        0x0
                0x080016b4                __exidx_start = .
 *(.ARM.exidx*)
                0x080016b4                __exidx_end = .

.preinit_array  0x080016b4        0x0
                0x080016b4                PROVIDE (__preinit_array_start, .)
 *(.preinit_array*)
                0x080016b4                PROVIDE (__preinit_array_end, .)

.init_array     0x080016b4        0x8
                0x080016b4                PROVIDE (__init_array_start, .)
 *(SORT_BY_NAME(.init_array.*))
 .init_array.00000
                0x080016b4        0x4 c:/software_tecnico/eclipse/plugins/fr.ac6.mcu.externaltools.arm-none.win32_1.16.0.201807130628/tools/compiler/bin/../lib/gcc/arm-none-eabi/7.2.1/../../../../arm-none-eabi/lib/thumb/v7e-m/fpv4-sp/hard\libc.a(lib_a-__call_atexit.o)
 *(.init_array*)
 .init_array    0x080016b8        0x4 c:/software_tecnico/eclipse/plugins/fr.ac6.mcu.externaltools.arm-none.win32_1.16.0.201807130628/tools/compiler/bin/../lib/gcc/arm-none-eabi/7.2.1/thumb/v7e-m/fpv4-sp/hard/crtbegin.o
                0x080016bc                PROVIDE (__init_array_end, .)

.fini_array     0x080016bc        0x4
                0x080016bc                PROVIDE (__fini_array_start, .)
 *(SORT_BY_NAME(.fini_array.*))
 *(.fini_array*)
 .fini_array    0x080016bc        0x4 c:/software_tecnico/eclipse/plugins/fr.ac6.mcu.externaltools.arm-none.win32_1.16.0.201807130628/tools/compiler/bin/../lib/gcc/arm-none-eabi/7.2.1/thumb/v7e-m/fpv4-sp/hard/crtbegin.o
                0x080016c0                PROVIDE (__fini_array_end, .)
                0x080016c0                _sidata = LOADADDR (.data)

.data           0x20000000      0x43c load address 0x080016c0
                0x20000000                . = ALIGN (0x4)
                0x20000000                _sdata = .
 *(.data)
 .data          0x20000000        0x5 HAL_Driver/Src/stm32f3xx_hal.o
                0x20000000                uwTickPrio
                0x20000004                uwTickFreq
 *fill*         0x20000005        0x3 
 .data          0x20000008        0x4 src/system_stm32f3xx.o
                0x20000008                SystemCoreClock
 *(.data*)
 *fill*         0x2000000c        0x4 
 .data.impure_data
                0x20000010      0x428 c:/software_tecnico/eclipse/plugins/fr.ac6.mcu.externaltools.arm-none.win32_1.16.0.201807130628/tools/compiler/bin/../lib/gcc/arm-none-eabi/7.2.1/../../../../arm-none-eabi/lib/thumb/v7e-m/fpv4-sp/hard\libc.a(lib_a-impure.o)
 .data.__atexit_recursive_mutex
                0x20000438        0x4 c:/software_tecnico/eclipse/plugins/fr.ac6.mcu.externaltools.arm-none.win32_1.16.0.201807130628/tools/compiler/bin/../lib/gcc/arm-none-eabi/7.2.1/../../../../arm-none-eabi/lib/thumb/v7e-m/fpv4-sp/hard\libc.a(lib_a-__call_atexit.o)
                0x20000438                __atexit_recursive_mutex
                0x2000043c                . = ALIGN (0x4)
                0x2000043c                _edata = .
                0x08001afc                _siccmram = LOADADDR (.ccmram)

.igot.plt       0x2000043c        0x0 load address 0x08001afc
 .igot.plt      0x2000043c        0x0 c:/software_tecnico/eclipse/plugins/fr.ac6.mcu.externaltools.arm-none.win32_1.16.0.201807130628/tools/compiler/bin/../lib/gcc/arm-none-eabi/7.2.1/thumb/v7e-m/fpv4-sp/hard/crtbegin.o

.ccmram         0x10000000        0x0 load address 0x08001afc
                0x10000000                . = ALIGN (0x4)
                0x10000000                _sccmram = .
 *(.ccmram)
 *(.ccmram*)
                0x10000000                . = ALIGN (0x4)
                0x10000000                _eccmram = .
                0x10000000                . = ALIGN (0x4)

.bss            0x2000043c       0xb4
                0x2000043c                _sbss = .
                0x2000043c                __bss_start__ = _sbss
 *(.bss)
 .bss           0x2000043c       0x1c c:/software_tecnico/eclipse/plugins/fr.ac6.mcu.externaltools.arm-none.win32_1.16.0.201807130628/tools/compiler/bin/../lib/gcc/arm-none-eabi/7.2.1/thumb/v7e-m/fpv4-sp/hard/crtbegin.o
 *(.bss*)
 *(COMMON)
 COMMON         0x20000458        0x4 HAL_Driver/Src/stm32f3xx_hal.o
                0x20000458                uwTick
 COMMON         0x2000045c       0x70 src/main.o
                0x2000045c                huart2
 COMMON         0x200004cc       0x21 c:/software_tecnico/eclipse/plugins/fr.ac6.mcu.externaltools.arm-none.win32_1.16.0.201807130628/tools/compiler/bin/../lib/gcc/arm-none-eabi/7.2.1/../../../../arm-none-eabi/lib/thumb/v7e-m/fpv4-sp/hard\libc.a(lib_a-lock.o)
                0x200004cc                __lock___atexit_recursive_mutex
                0x200004d0                __lock___arc4random_mutex
                0x200004d4                __lock___env_recursive_mutex
                0x200004d8                __lock___sinit_recursive_mutex
                0x200004dc                __lock___malloc_recursive_mutex
                0x200004e0                __lock___at_quick_exit_mutex
                0x200004e4                __lock___dd_hash_mutex
                0x200004e8                __lock___tz_mutex
                0x200004ec                __lock___sfp_recursive_mutex
                0x200004f0                . = ALIGN (0x4)
 *fill*         0x200004ed        0x3 
                0x200004f0                _ebss = .
                0x200004f0                __bss_end__ = _ebss

._user_heap_stack
                0x200004f0      0x600
                0x200004f0                . = ALIGN (0x8)
                0x200004f0                PROVIDE (end, .)
                [!provide]                PROVIDE (_end, .)
                0x200006f0                . = (. + _Min_Heap_Size)
 *fill*         0x200004f0      0x200 
                0x20000af0                . = (. + _Min_Stack_Size)
 *fill*         0x200006f0      0x400 
                0x20000af0                . = ALIGN (0x8)

/DISCARD/
 libc.a(*)
 libm.a(*)
 libgcc.a(*)

.ARM.attributes
                0x00000000       0x30
 *(.ARM.attributes)
 .ARM.attributes
                0x00000000       0x22 c:/software_tecnico/eclipse/plugins/fr.ac6.mcu.externaltools.arm-none.win32_1.16.0.201807130628/tools/compiler/bin/../lib/gcc/arm-none-eabi/7.2.1/thumb/v7e-m/fpv4-sp/hard/crti.o
 .ARM.attributes
                0x00000022       0x34 c:/software_tecnico/eclipse/plugins/fr.ac6.mcu.externaltools.arm-none.win32_1.16.0.201807130628/tools/compiler/bin/../lib/gcc/arm-none-eabi/7.2.1/thumb/v7e-m/fpv4-sp/hard/crtbegin.o
 .ARM.attributes
                0x00000056       0x39 HAL_Driver/Src/stm32f3xx_hal.o
 .ARM.attributes
                0x0000008f       0x39 HAL_Driver/Src/stm32f3xx_hal_cortex.o
 .ARM.attributes
                0x000000c8       0x39 HAL_Driver/Src/stm32f3xx_hal_gpio.o
 .ARM.attributes
                0x00000101       0x39 HAL_Driver/Src/stm32f3xx_hal_msp_template.o
 .ARM.attributes
                0x0000013a       0x39 HAL_Driver/Src/stm32f3xx_hal_rcc.o
 .ARM.attributes
                0x00000173       0x39 HAL_Driver/Src/stm32f3xx_hal_uart.o
 .ARM.attributes
                0x000001ac       0x39 src/main.o
 .ARM.attributes
                0x000001e5       0x39 src/stm32f3xx_it.o
 .ARM.attributes
                0x0000021e       0x39 src/system_initialization.o
 .ARM.attributes
                0x00000257       0x39 src/system_stm32f3xx.o
 .ARM.attributes
                0x00000290       0x21 startup/startup_stm32f334x8.o
 .ARM.attributes
                0x000002b1       0x34 c:/software_tecnico/eclipse/plugins/fr.ac6.mcu.externaltools.arm-none.win32_1.16.0.201807130628/tools/compiler/bin/../lib/gcc/arm-none-eabi/7.2.1/../../../../arm-none-eabi/lib/thumb/v7e-m/fpv4-sp/hard\libc.a(lib_a-impure.o)
 .ARM.attributes
                0x000002e5       0x34 c:/software_tecnico/eclipse/plugins/fr.ac6.mcu.externaltools.arm-none.win32_1.16.0.201807130628/tools/compiler/bin/../lib/gcc/arm-none-eabi/7.2.1/../../../../arm-none-eabi/lib/thumb/v7e-m/fpv4-sp/hard\libc.a(lib_a-init.o)
 .ARM.attributes
                0x00000319       0x20 c:/software_tecnico/eclipse/plugins/fr.ac6.mcu.externaltools.arm-none.win32_1.16.0.201807130628/tools/compiler/bin/../lib/gcc/arm-none-eabi/7.2.1/../../../../arm-none-eabi/lib/thumb/v7e-m/fpv4-sp/hard\libc.a(lib_a-strlen.o)
 .ARM.attributes
                0x00000339       0x34 c:/software_tecnico/eclipse/plugins/fr.ac6.mcu.externaltools.arm-none.win32_1.16.0.201807130628/tools/compiler/bin/../lib/gcc/arm-none-eabi/7.2.1/../../../../arm-none-eabi/lib/thumb/v7e-m/fpv4-sp/hard\libc.a(lib_a-__call_atexit.o)
 .ARM.attributes
                0x0000036d       0x34 c:/software_tecnico/eclipse/plugins/fr.ac6.mcu.externaltools.arm-none.win32_1.16.0.201807130628/tools/compiler/bin/../lib/gcc/arm-none-eabi/7.2.1/../../../../arm-none-eabi/lib/thumb/v7e-m/fpv4-sp/hard\libc.a(lib_a-atexit.o)
 .ARM.attributes
                0x000003a1       0x34 c:/software_tecnico/eclipse/plugins/fr.ac6.mcu.externaltools.arm-none.win32_1.16.0.201807130628/tools/compiler/bin/../lib/gcc/arm-none-eabi/7.2.1/../../../../arm-none-eabi/lib/thumb/v7e-m/fpv4-sp/hard\libc.a(lib_a-fini.o)
 .ARM.attributes
                0x000003d5       0x34 c:/software_tecnico/eclipse/plugins/fr.ac6.mcu.externaltools.arm-none.win32_1.16.0.201807130628/tools/compiler/bin/../lib/gcc/arm-none-eabi/7.2.1/../../../../arm-none-eabi/lib/thumb/v7e-m/fpv4-sp/hard\libc.a(lib_a-lock.o)
 .ARM.attributes
                0x00000409       0x34 c:/software_tecnico/eclipse/plugins/fr.ac6.mcu.externaltools.arm-none.win32_1.16.0.201807130628/tools/compiler/bin/../lib/gcc/arm-none-eabi/7.2.1/../../../../arm-none-eabi/lib/thumb/v7e-m/fpv4-sp/hard\libc.a(lib_a-__atexit.o)
 .ARM.attributes
                0x0000043d       0x22 c:/software_tecnico/eclipse/plugins/fr.ac6.mcu.externaltools.arm-none.win32_1.16.0.201807130628/tools/compiler/bin/../lib/gcc/arm-none-eabi/7.2.1/thumb/v7e-m/fpv4-sp/hard/crtn.o
OUTPUT(F334R8T6.elf elf32-littlearm)

.debug_info     0x00000000     0xb3ff
 .debug_info    0x00000000      0xf95 HAL_Driver/Src/stm32f3xx_hal.o
 .debug_info    0x00000f95     0x1393 HAL_Driver/Src/stm32f3xx_hal_cortex.o
 .debug_info    0x00002328      0xfef HAL_Driver/Src/stm32f3xx_hal_gpio.o
 .debug_info    0x00003317      0x9da HAL_Driver/Src/stm32f3xx_hal_msp_template.o
 .debug_info    0x00003cf1     0x200d HAL_Driver/Src/stm32f3xx_hal_rcc.o
 .debug_info    0x00005cfe     0x1cae HAL_Driver/Src/stm32f3xx_hal_uart.o
 .debug_info    0x000079ac      0xfaa src/main.o
 .debug_info    0x00008956      0x9a7 src/stm32f3xx_it.o
 .debug_info    0x000092fd     0x1462 src/system_initialization.o
 .debug_info    0x0000a75f      0xc7e src/system_stm32f3xx.o
 .debug_info    0x0000b3dd       0x22 startup/startup_stm32f334x8.o

.debug_abbrev   0x00000000     0x1905
 .debug_abbrev  0x00000000      0x2bb HAL_Driver/Src/stm32f3xx_hal.o
 .debug_abbrev  0x000002bb      0x362 HAL_Driver/Src/stm32f3xx_hal_cortex.o
 .debug_abbrev  0x0000061d      0x289 HAL_Driver/Src/stm32f3xx_hal_gpio.o
 .debug_abbrev  0x000008a6      0x1cb HAL_Driver/Src/stm32f3xx_hal_msp_template.o
 .debug_abbrev  0x00000a71      0x34c HAL_Driver/Src/stm32f3xx_hal_rcc.o
 .debug_abbrev  0x00000dbd      0x2ae HAL_Driver/Src/stm32f3xx_hal_uart.o
 .debug_abbrev  0x0000106b      0x218 src/main.o
 .debug_abbrev  0x00001283      0x1cb src/stm32f3xx_it.o
 .debug_abbrev  0x0000144e      0x286 src/system_initialization.o
 .debug_abbrev  0x000016d4      0x21f src/system_stm32f3xx.o
 .debug_abbrev  0x000018f3       0x12 startup/startup_stm32f334x8.o

.debug_aranges  0x00000000      0x5b8
 .debug_aranges
                0x00000000       0xe0 HAL_Driver/Src/stm32f3xx_hal.o
 .debug_aranges
                0x000000e0      0x100 HAL_Driver/Src/stm32f3xx_hal_cortex.o
 .debug_aranges
                0x000001e0       0x58 HAL_Driver/Src/stm32f3xx_hal_gpio.o
 .debug_aranges
                0x00000238       0x38 HAL_Driver/Src/stm32f3xx_hal_msp_template.o
 .debug_aranges
                0x00000270       0x88 HAL_Driver/Src/stm32f3xx_hal_rcc.o
 .debug_aranges
                0x000002f8      0x1f0 HAL_Driver/Src/stm32f3xx_hal_uart.o
 .debug_aranges
                0x000004e8       0x20 src/main.o
 .debug_aranges
                0x00000508       0x20 src/stm32f3xx_it.o
 .debug_aranges
                0x00000528       0x40 src/system_initialization.o
 .debug_aranges
                0x00000568       0x28 src/system_stm32f3xx.o
 .debug_aranges
                0x00000590       0x28 startup/startup_stm32f334x8.o

.debug_ranges   0x00000000      0x510
 .debug_ranges  0x00000000       0xd0 HAL_Driver/Src/stm32f3xx_hal.o
 .debug_ranges  0x000000d0       0xf0 HAL_Driver/Src/stm32f3xx_hal_cortex.o
 .debug_ranges  0x000001c0       0x48 HAL_Driver/Src/stm32f3xx_hal_gpio.o
 .debug_ranges  0x00000208       0x28 HAL_Driver/Src/stm32f3xx_hal_msp_template.o
 .debug_ranges  0x00000230       0x78 HAL_Driver/Src/stm32f3xx_hal_rcc.o
 .debug_ranges  0x000002a8      0x1e0 HAL_Driver/Src/stm32f3xx_hal_uart.o
 .debug_ranges  0x00000488       0x10 src/main.o
 .debug_ranges  0x00000498       0x10 src/stm32f3xx_it.o
 .debug_ranges  0x000004a8       0x30 src/system_initialization.o
 .debug_ranges  0x000004d8       0x18 src/system_stm32f3xx.o
 .debug_ranges  0x000004f0       0x20 startup/startup_stm32f334x8.o

.debug_macro    0x00000000    0x253a3
 .debug_macro   0x00000000      0x485 HAL_Driver/Src/stm32f3xx_hal.o
 .debug_macro   0x00000485      0xa78 HAL_Driver/Src/stm32f3xx_hal.o
 .debug_macro   0x00000efd      0x122 HAL_Driver/Src/stm32f3xx_hal.o
 .debug_macro   0x0000101f       0x29 HAL_Driver/Src/stm32f3xx_hal.o
 .debug_macro   0x00001048       0x28 HAL_Driver/Src/stm32f3xx_hal.o
 .debug_macro   0x00001070       0x22 HAL_Driver/Src/stm32f3xx_hal.o
 .debug_macro   0x00001092       0x87 HAL_Driver/Src/stm32f3xx_hal.o
 .debug_macro   0x00001119       0x51 HAL_Driver/Src/stm32f3xx_hal.o
 .debug_macro   0x0000116a       0xef HAL_Driver/Src/stm32f3xx_hal.o
 .debug_macro   0x00001259       0x6a HAL_Driver/Src/stm32f3xx_hal.o
 .debug_macro   0x000012c3      0x1df HAL_Driver/Src/stm32f3xx_hal.o
 .debug_macro   0x000014a2       0x35 HAL_Driver/Src/stm32f3xx_hal.o
 .debug_macro   0x000014d7       0x50 HAL_Driver/Src/stm32f3xx_hal.o
 .debug_macro   0x00001527      0xd40 HAL_Driver/Src/stm32f3xx_hal.o
 .debug_macro   0x00002267    0x1546b HAL_Driver/Src/stm32f3xx_hal.o
 .debug_macro   0x000176d2       0x43 HAL_Driver/Src/stm32f3xx_hal.o
 .debug_macro   0x00017715     0x345c HAL_Driver/Src/stm32f3xx_hal.o
 .debug_macro   0x0001ab71       0x58 HAL_Driver/Src/stm32f3xx_hal.o
 .debug_macro   0x0001abc9       0x17 HAL_Driver/Src/stm32f3xx_hal.o
 .debug_macro   0x0001abe0       0x35 HAL_Driver/Src/stm32f3xx_hal.o
 .debug_macro   0x0001ac15       0x9c HAL_Driver/Src/stm32f3xx_hal.o
 .debug_macro   0x0001acb1       0x16 HAL_Driver/Src/stm32f3xx_hal.o
 .debug_macro   0x0001acc7       0x97 HAL_Driver/Src/stm32f3xx_hal.o
 .debug_macro   0x0001ad5e      0x330 HAL_Driver/Src/stm32f3xx_hal.o
 .debug_macro   0x0001b08e       0xfd HAL_Driver/Src/stm32f3xx_hal.o
 .debug_macro   0x0001b18b       0x10 HAL_Driver/Src/stm32f3xx_hal.o
 .debug_macro   0x0001b19b       0x58 HAL_Driver/Src/stm32f3xx_hal.o
 .debug_macro   0x0001b1f3       0x1f HAL_Driver/Src/stm32f3xx_hal.o
 .debug_macro   0x0001b212       0x43 HAL_Driver/Src/stm32f3xx_hal.o
 .debug_macro   0x0001b255       0x20 HAL_Driver/Src/stm32f3xx_hal.o
 .debug_macro   0x0001b275      0x18e HAL_Driver/Src/stm32f3xx_hal.o
 .debug_macro   0x0001b403       0x10 HAL_Driver/Src/stm32f3xx_hal.o
 .debug_macro   0x0001b413       0x1c HAL_Driver/Src/stm32f3xx_hal.o
 .debug_macro   0x0001b42f       0x52 HAL_Driver/Src/stm32f3xx_hal.o
 .debug_macro   0x0001b481       0x40 HAL_Driver/Src/stm32f3xx_hal.o
 .debug_macro   0x0001b4c1       0x10 HAL_Driver/Src/stm32f3xx_hal.o
 .debug_macro   0x0001b4d1       0x40 HAL_Driver/Src/stm32f3xx_hal.o
 .debug_macro   0x0001b511       0xd7 HAL_Driver/Src/stm32f3xx_hal.o
 .debug_macro   0x0001b5e8       0x1c HAL_Driver/Src/stm32f3xx_hal.o
 .debug_macro   0x0001b604       0x3d HAL_Driver/Src/stm32f3xx_hal.o
 .debug_macro   0x0001b641       0x16 HAL_Driver/Src/stm32f3xx_hal.o
 .debug_macro   0x0001b657      0x16f HAL_Driver/Src/stm32f3xx_hal.o
 .debug_macro   0x0001b7c6       0x50 HAL_Driver/Src/stm32f3xx_hal.o
 .debug_macro   0x0001b816      0x8ff HAL_Driver/Src/stm32f3xx_hal.o
 .debug_macro   0x0001c115      0x358 HAL_Driver/Src/stm32f3xx_hal.o
 .debug_macro   0x0001c46d      0x13a HAL_Driver/Src/stm32f3xx_hal.o
 .debug_macro   0x0001c5a7      0x130 HAL_Driver/Src/stm32f3xx_hal.o
 .debug_macro   0x0001c6d7      0x1bc HAL_Driver/Src/stm32f3xx_hal.o
 .debug_macro   0x0001c893       0x34 HAL_Driver/Src/stm32f3xx_hal.o
 .debug_macro   0x0001c8c7       0x3c HAL_Driver/Src/stm32f3xx_hal.o
 .debug_macro   0x0001c903       0x57 HAL_Driver/Src/stm32f3xx_hal.o
 .debug_macro   0x0001c95a      0x84c HAL_Driver/Src/stm32f3xx_hal.o
 .debug_macro   0x0001d1a6       0x77 HAL_Driver/Src/stm32f3xx_hal.o
 .debug_macro   0x0001d21d      0x40f HAL_Driver/Src/stm32f3xx_hal.o
 .debug_macro   0x0001d62c       0x65 HAL_Driver/Src/stm32f3xx_hal.o
 .debug_macro   0x0001d691      0x340 HAL_Driver/Src/stm32f3xx_hal.o
 .debug_macro   0x0001d9d1       0x12 HAL_Driver/Src/stm32f3xx_hal.o
 .debug_macro   0x0001d9e3       0xc7 HAL_Driver/Src/stm32f3xx_hal.o
 .debug_macro   0x0001daaa       0x4d HAL_Driver/Src/stm32f3xx_hal.o
 .debug_macro   0x0001daf7       0x12 HAL_Driver/Src/stm32f3xx_hal.o
 .debug_macro   0x0001db09      0x187 HAL_Driver/Src/stm32f3xx_hal.o
 .debug_macro   0x0001dc90       0x73 HAL_Driver/Src/stm32f3xx_hal.o
 .debug_macro   0x0001dd03       0xcb HAL_Driver/Src/stm32f3xx_hal.o
 .debug_macro   0x0001ddce      0x1a0 HAL_Driver/Src/stm32f3xx_hal.o
 .debug_macro   0x0001df6e     0x168a HAL_Driver/Src/stm32f3xx_hal.o
 .debug_macro   0x0001f5f8      0x209 HAL_Driver/Src/stm32f3xx_hal.o
 .debug_macro   0x0001f801       0x5b HAL_Driver/Src/stm32f3xx_hal.o
 .debug_macro   0x0001f85c       0x90 HAL_Driver/Src/stm32f3xx_hal.o
 .debug_macro   0x0001f8ec      0x264 HAL_Driver/Src/stm32f3xx_hal.o
 .debug_macro   0x0001fb50       0x31 HAL_Driver/Src/stm32f3xx_hal.o
 .debug_macro   0x0001fb81       0x87 HAL_Driver/Src/stm32f3xx_hal.o
 .debug_macro   0x0001fc08      0x17d HAL_Driver/Src/stm32f3xx_hal.o
 .debug_macro   0x0001fd85       0x82 HAL_Driver/Src/stm32f3xx_hal.o
 .debug_macro   0x0001fe07       0xd3 HAL_Driver/Src/stm32f3xx_hal.o
 .debug_macro   0x0001feda      0x2fe HAL_Driver/Src/stm32f3xx_hal.o
 .debug_macro   0x000201d8      0x388 HAL_Driver/Src/stm32f3xx_hal.o
 .debug_macro   0x00020560       0xeb HAL_Driver/Src/stm32f3xx_hal.o
 .debug_macro   0x0002064b      0x391 HAL_Driver/Src/stm32f3xx_hal.o
 .debug_macro   0x000209dc       0x10 HAL_Driver/Src/stm32f3xx_hal.o
 .debug_macro   0x000209ec      0x356 HAL_Driver/Src/stm32f3xx_hal.o
 .debug_macro   0x00020d42      0x2e9 HAL_Driver/Src/stm32f3xx_hal.o
 .debug_macro   0x0002102b      0x6af HAL_Driver/Src/stm32f3xx_hal.o
 .debug_macro   0x000216da      0x352 HAL_Driver/Src/stm32f3xx_hal.o
 .debug_macro   0x00021a2c      0x46a HAL_Driver/Src/stm32f3xx_hal.o
 .debug_macro   0x00021e96      0x566 HAL_Driver/Src/stm32f3xx_hal.o
 .debug_macro   0x000223fc       0x31 HAL_Driver/Src/stm32f3xx_hal.o
 .debug_macro   0x0002242d      0x25d HAL_Driver/Src/stm32f3xx_hal.o
 .debug_macro   0x0002268a       0x30 HAL_Driver/Src/stm32f3xx_hal.o
 .debug_macro   0x000226ba       0x89 HAL_Driver/Src/stm32f3xx_hal.o
 .debug_macro   0x00022743      0x2a8 HAL_Driver/Src/stm32f3xx_hal.o
 .debug_macro   0x000229eb      0x461 HAL_Driver/Src/stm32f3xx_hal_cortex.o
 .debug_macro   0x00022e4c      0x499 HAL_Driver/Src/stm32f3xx_hal_gpio.o
 .debug_macro   0x000232e5      0x461 HAL_Driver/Src/stm32f3xx_hal_msp_template.o
 .debug_macro   0x00023746      0x485 HAL_Driver/Src/stm32f3xx_hal_rcc.o
 .debug_macro   0x00023bcb      0x469 HAL_Driver/Src/stm32f3xx_hal_uart.o
 .debug_macro   0x00024034      0x474 src/main.o
 .debug_macro   0x000244a8      0x1b5 src/main.o
 .debug_macro   0x0002465d      0x46b src/stm32f3xx_it.o
 .debug_macro   0x00024ac8      0x474 src/system_initialization.o
 .debug_macro   0x00024f3c      0x467 src/system_stm32f3xx.o

.debug_line     0x00000000     0x8205
 .debug_line    0x00000000      0xc3e HAL_Driver/Src/stm32f3xx_hal.o
 .debug_line    0x00000c3e      0xd0a HAL_Driver/Src/stm32f3xx_hal_cortex.o
 .debug_line    0x00001948      0xbe1 HAL_Driver/Src/stm32f3xx_hal_gpio.o
 .debug_line    0x00002529      0xaae HAL_Driver/Src/stm32f3xx_hal_msp_template.o
 .debug_line    0x00002fd7     0x1198 HAL_Driver/Src/stm32f3xx_hal_rcc.o
 .debug_line    0x0000416f     0x1430 HAL_Driver/Src/stm32f3xx_hal_uart.o
 .debug_line    0x0000559f      0xb26 src/main.o
 .debug_line    0x000060c5      0xaa3 src/stm32f3xx_it.o
 .debug_line    0x00006b68      0xb85 src/system_initialization.o
 .debug_line    0x000076ed      0xa99 src/system_stm32f3xx.o
 .debug_line    0x00008186       0x7f startup/startup_stm32f334x8.o

.debug_str      0x00000000    0xeebe8
 .debug_str     0x00000000    0xec9d4 HAL_Driver/Src/stm32f3xx_hal.o
                              0xece57 (size before relaxing)
 .debug_str     0x000ec9d4      0x2f8 HAL_Driver/Src/stm32f3xx_hal_cortex.o
                              0xece2f (size before relaxing)
 .debug_str     0x000ecccc      0x2f6 HAL_Driver/Src/stm32f3xx_hal_gpio.o
                              0xeca7c (size before relaxing)
 .debug_str     0x000ecfc2       0x51 HAL_Driver/Src/stm32f3xx_hal_msp_template.o
                              0xec70b (size before relaxing)
 .debug_str     0x000ed013      0x3d8 HAL_Driver/Src/stm32f3xx_hal_rcc.o
                              0xecbed (size before relaxing)
 .debug_str     0x000ed3eb      0xb2b HAL_Driver/Src/stm32f3xx_hal_uart.o
                              0xed312 (size before relaxing)
 .debug_str     0x000edf16      0xb8d src/main.o
                              0xed6cb (size before relaxing)
 .debug_str     0x000eeaa3       0x38 src/stm32f3xx_it.o
                              0xec6d8 (size before relaxing)
 .debug_str     0x000eeadb       0x6f src/system_initialization.o
                              0xedc3f (size before relaxing)
 .debug_str     0x000eeb4a       0x6e src/system_stm32f3xx.o
                              0xec7bf (size before relaxing)
 .debug_str     0x000eebb8       0x30 startup/startup_stm32f334x8.o
                                 0x60 (size before relaxing)

.comment        0x00000000       0x7e
 .comment       0x00000000       0x7e HAL_Driver/Src/stm32f3xx_hal.o
                                 0x7f (size before relaxing)
 .comment       0x0000007e       0x7f HAL_Driver/Src/stm32f3xx_hal_cortex.o
 .comment       0x0000007e       0x7f HAL_Driver/Src/stm32f3xx_hal_gpio.o
 .comment       0x0000007e       0x7f HAL_Driver/Src/stm32f3xx_hal_msp_template.o
 .comment       0x0000007e       0x7f HAL_Driver/Src/stm32f3xx_hal_rcc.o
 .comment       0x0000007e       0x7f HAL_Driver/Src/stm32f3xx_hal_uart.o
 .comment       0x0000007e       0x7f src/main.o
 .comment       0x0000007e       0x7f src/stm32f3xx_it.o
 .comment       0x0000007e       0x7f src/system_initialization.o
 .comment       0x0000007e       0x7f src/system_stm32f3xx.o

.debug_frame    0x00000000     0x174c
 .debug_frame   0x00000000      0x334 HAL_Driver/Src/stm32f3xx_hal.o
 .debug_frame   0x00000334      0x428 HAL_Driver/Src/stm32f3xx_hal_cortex.o
 .debug_frame   0x0000075c      0x14c HAL_Driver/Src/stm32f3xx_hal_gpio.o
 .debug_frame   0x000008a8       0x90 HAL_Driver/Src/stm32f3xx_hal_msp_template.o
 .debug_frame   0x00000938      0x214 HAL_Driver/Src/stm32f3xx_hal_rcc.o
 .debug_frame   0x00000b4c      0x8d8 HAL_Driver/Src/stm32f3xx_hal_uart.o
 .debug_frame   0x00001424       0x30 src/main.o
 .debug_frame   0x00001454       0x2c src/stm32f3xx_it.o
 .debug_frame   0x00001480       0xb4 src/system_initialization.o
 .debug_frame   0x00001534       0x58 src/system_stm32f3xx.o
 .debug_frame   0x0000158c       0x2c c:/software_tecnico/eclipse/plugins/fr.ac6.mcu.externaltools.arm-none.win32_1.16.0.201807130628/tools/compiler/bin/../lib/gcc/arm-none-eabi/7.2.1/../../../../arm-none-eabi/lib/thumb/v7e-m/fpv4-sp/hard\libc.a(lib_a-init.o)
 .debug_frame   0x000015b8       0x5c c:/software_tecnico/eclipse/plugins/fr.ac6.mcu.externaltools.arm-none.win32_1.16.0.201807130628/tools/compiler/bin/../lib/gcc/arm-none-eabi/7.2.1/../../../../arm-none-eabi/lib/thumb/v7e-m/fpv4-sp/hard\libc.a(lib_a-__call_atexit.o)
 .debug_frame   0x00001614       0x20 c:/software_tecnico/eclipse/plugins/fr.ac6.mcu.externaltools.arm-none.win32_1.16.0.201807130628/tools/compiler/bin/../lib/gcc/arm-none-eabi/7.2.1/../../../../arm-none-eabi/lib/thumb/v7e-m/fpv4-sp/hard\libc.a(lib_a-atexit.o)
 .debug_frame   0x00001634       0x34 c:/software_tecnico/eclipse/plugins/fr.ac6.mcu.externaltools.arm-none.win32_1.16.0.201807130628/tools/compiler/bin/../lib/gcc/arm-none-eabi/7.2.1/../../../../arm-none-eabi/lib/thumb/v7e-m/fpv4-sp/hard\libc.a(lib_a-fini.o)
 .debug_frame   0x00001668       0xb0 c:/software_tecnico/eclipse/plugins/fr.ac6.mcu.externaltools.arm-none.win32_1.16.0.201807130628/tools/compiler/bin/../lib/gcc/arm-none-eabi/7.2.1/../../../../arm-none-eabi/lib/thumb/v7e-m/fpv4-sp/hard\libc.a(lib_a-lock.o)
 .debug_frame   0x00001718       0x34 c:/software_tecnico/eclipse/plugins/fr.ac6.mcu.externaltools.arm-none.win32_1.16.0.201807130628/tools/compiler/bin/../lib/gcc/arm-none-eabi/7.2.1/../../../../arm-none-eabi/lib/thumb/v7e-m/fpv4-sp/hard\libc.a(lib_a-__atexit.o)
